Archive member included to satisfy reference by file (symbol)

C:/ST/STM32CubeCLT_1.17.0/GNU-tools-for-STM32/bin/../lib/gcc/arm-none-eabi/12.3.1/../../../../arm-none-eabi/lib/thumb/v8-m.main+fp/hard\libc_nano.a(libc_a-exit.o)
                              C:/ST/STM32CubeCLT_1.17.0/GNU-tools-for-STM32/bin/../lib/gcc/arm-none-eabi/12.3.1/../../../../arm-none-eabi/lib/thumb/v8-m.main+fp/hard/crt0.o (exit)
C:/ST/STM32CubeCLT_1.17.0/GNU-tools-for-STM32/bin/../lib/gcc/arm-none-eabi/12.3.1/../../../../arm-none-eabi/lib/thumb/v8-m.main+fp/hard\libc_nano.a(libc_a-findfp.o)
                              C:/ST/STM32CubeCLT_1.17.0/GNU-tools-for-STM32/bin/../lib/gcc/arm-none-eabi/12.3.1/../../../../arm-none-eabi/lib/thumb/v8-m.main+fp/hard\libc_nano.a(libc_a-exit.o) (__stdio_exit_handler)
C:/ST/STM32CubeCLT_1.17.0/GNU-tools-for-STM32/bin/../lib/gcc/arm-none-eabi/12.3.1/../../../../arm-none-eabi/lib/thumb/v8-m.main+fp/hard\libc_nano.a(libc_a-fwalk.o)
                              C:/ST/STM32CubeCLT_1.17.0/GNU-tools-for-STM32/bin/../lib/gcc/arm-none-eabi/12.3.1/../../../../arm-none-eabi/lib/thumb/v8-m.main+fp/hard\libc_nano.a(libc_a-findfp.o) (_fwalk_sglue)
C:/ST/STM32CubeCLT_1.17.0/GNU-tools-for-STM32/bin/../lib/gcc/arm-none-eabi/12.3.1/../../../../arm-none-eabi/lib/thumb/v8-m.main+fp/hard\libc_nano.a(libc_a-stdio.o)
                              C:/ST/STM32CubeCLT_1.17.0/GNU-tools-for-STM32/bin/../lib/gcc/arm-none-eabi/12.3.1/../../../../arm-none-eabi/lib/thumb/v8-m.main+fp/hard\libc_nano.a(libc_a-findfp.o) (__sread)
C:/ST/STM32CubeCLT_1.17.0/GNU-tools-for-STM32/bin/../lib/gcc/arm-none-eabi/12.3.1/../../../../arm-none-eabi/lib/thumb/v8-m.main+fp/hard\libc_nano.a(libc_a-memset.o)
                              C:/ST/STM32CubeCLT_1.17.0/GNU-tools-for-STM32/bin/../lib/gcc/arm-none-eabi/12.3.1/../../../../arm-none-eabi/lib/thumb/v8-m.main+fp/hard/crt0.o (memset)
C:/ST/STM32CubeCLT_1.17.0/GNU-tools-for-STM32/bin/../lib/gcc/arm-none-eabi/12.3.1/../../../../arm-none-eabi/lib/thumb/v8-m.main+fp/hard\libc_nano.a(libc_a-closer.o)
                              C:/ST/STM32CubeCLT_1.17.0/GNU-tools-for-STM32/bin/../lib/gcc/arm-none-eabi/12.3.1/../../../../arm-none-eabi/lib/thumb/v8-m.main+fp/hard\libc_nano.a(libc_a-stdio.o) (_close_r)
C:/ST/STM32CubeCLT_1.17.0/GNU-tools-for-STM32/bin/../lib/gcc/arm-none-eabi/12.3.1/../../../../arm-none-eabi/lib/thumb/v8-m.main+fp/hard\libc_nano.a(libc_a-reent.o)
                              C:/ST/STM32CubeCLT_1.17.0/GNU-tools-for-STM32/bin/../lib/gcc/arm-none-eabi/12.3.1/../../../../arm-none-eabi/lib/thumb/v8-m.main+fp/hard\libc_nano.a(libc_a-closer.o) (errno)
C:/ST/STM32CubeCLT_1.17.0/GNU-tools-for-STM32/bin/../lib/gcc/arm-none-eabi/12.3.1/../../../../arm-none-eabi/lib/thumb/v8-m.main+fp/hard\libc_nano.a(libc_a-impure.o)
                              C:/ST/STM32CubeCLT_1.17.0/GNU-tools-for-STM32/bin/../lib/gcc/arm-none-eabi/12.3.1/../../../../arm-none-eabi/lib/thumb/v8-m.main+fp/hard\libc_nano.a(libc_a-reent.o) (_impure_ptr)
C:/ST/STM32CubeCLT_1.17.0/GNU-tools-for-STM32/bin/../lib/gcc/arm-none-eabi/12.3.1/../../../../arm-none-eabi/lib/thumb/v8-m.main+fp/hard\libc_nano.a(libc_a-lseekr.o)
                              C:/ST/STM32CubeCLT_1.17.0/GNU-tools-for-STM32/bin/../lib/gcc/arm-none-eabi/12.3.1/../../../../arm-none-eabi/lib/thumb/v8-m.main+fp/hard\libc_nano.a(libc_a-stdio.o) (_lseek_r)
C:/ST/STM32CubeCLT_1.17.0/GNU-tools-for-STM32/bin/../lib/gcc/arm-none-eabi/12.3.1/../../../../arm-none-eabi/lib/thumb/v8-m.main+fp/hard\libc_nano.a(libc_a-readr.o)
                              C:/ST/STM32CubeCLT_1.17.0/GNU-tools-for-STM32/bin/../lib/gcc/arm-none-eabi/12.3.1/../../../../arm-none-eabi/lib/thumb/v8-m.main+fp/hard\libc_nano.a(libc_a-stdio.o) (_read_r)
C:/ST/STM32CubeCLT_1.17.0/GNU-tools-for-STM32/bin/../lib/gcc/arm-none-eabi/12.3.1/../../../../arm-none-eabi/lib/thumb/v8-m.main+fp/hard\libc_nano.a(libc_a-writer.o)
                              C:/ST/STM32CubeCLT_1.17.0/GNU-tools-for-STM32/bin/../lib/gcc/arm-none-eabi/12.3.1/../../../../arm-none-eabi/lib/thumb/v8-m.main+fp/hard\libc_nano.a(libc_a-stdio.o) (_write_r)
C:/ST/STM32CubeCLT_1.17.0/GNU-tools-for-STM32/bin/../lib/gcc/arm-none-eabi/12.3.1/../../../../arm-none-eabi/lib/thumb/v8-m.main+fp/hard\libc_nano.a(libc_a-errno.o)
                              CMakeFiles/CPPTest.dir/Core/Src/sysmem.c.obj (__errno)
C:/ST/STM32CubeCLT_1.17.0/GNU-tools-for-STM32/bin/../lib/gcc/arm-none-eabi/12.3.1/../../../../arm-none-eabi/lib/thumb/v8-m.main+fp/hard\libc_nano.a(libc_a-init.o)
                              C:/ST/STM32CubeCLT_1.17.0/GNU-tools-for-STM32/bin/../lib/gcc/arm-none-eabi/12.3.1/../../../../arm-none-eabi/lib/thumb/v8-m.main+fp/hard/crt0.o (__libc_init_array)
C:/ST/STM32CubeCLT_1.17.0/GNU-tools-for-STM32/bin/../lib/gcc/arm-none-eabi/12.3.1/../../../../arm-none-eabi/lib/thumb/v8-m.main+fp/hard\libc_nano.a(libc_a-lock.o)
[...]
Memory Configuration

Name             Origin             Length             Attributes
RAM              0x20000000         0x00008000         xrw
FLASH            0x08000000         0x00020000         xr
*default*        0x00000000         0xffffffff

Linker script and memory map

LOAD C:/ST/STM32CubeCLT_1.17.0/GNU-tools-for-STM32/bin/../lib/gcc/arm-none-eabi/12.3.1/thumb/v8-m.main+fp/hard/crti.o
LOAD C:/ST/STM32CubeCLT_1.17.0/GNU-tools-for-STM32/bin/../lib/gcc/arm-none-eabi/12.3.1/thumb/v8-m.main+fp/hard/crtbegin.o
LOAD C:/ST/STM32CubeCLT_1.17.0/GNU-tools-for-STM32/bin/../lib/gcc/arm-none-eabi/12.3.1/../../../../arm-none-eabi/lib/thumb/v8-m.main+fp/hard/crt0.o
START GROUP
END GROUP
START GROUP
LOAD C:/ST/STM32CubeCLT_1.17.0/GNU-tools-for-STM32/bin/../lib/gcc/arm-none-eabi/12.3.1/../../../../arm-none-eabi/lib/thumb/v8-m.main+fp/hard\libstdc++_nano.a
LOAD C:/ST/STM32CubeCLT_1.17.0/GNU-tools-for-STM32/bin/../lib/gcc/arm-none-eabi/12.3.1/../../../../arm-none-eabi/lib/thumb/v8-m.main+fp/hard\libsupc++_nano.a
END GROUP
LOAD CMakeFiles/CPPTest.dir/Core/Src/main.cpp.obj
LOAD CMakeFiles/CPPTest.dir/Core/Src/stm32h5xx_it.c.obj
LOAD CMakeFiles/CPPTest.dir/Core/Src/stm32h5xx_hal_msp.c.obj
LOAD CMakeFiles/CPPTest.dir/Drivers/BSP/STM32H5xx_Nucleo/stm32h5xx_nucleo.c.obj
LOAD CMakeFiles/CPPTest.dir/Drivers/STM32H5xx_HAL_Driver/Src/stm32h5xx_hal_cortex.c.obj
LOAD CMakeFiles/CPPTest.dir/Drivers/STM32H5xx_HAL_Driver/Src/stm32h5xx_hal_icache.c.obj
LOAD CMakeFiles/CPPTest.dir/Drivers/STM32H5xx_HAL_Driver/Src/stm32h5xx_hal_rcc.c.obj
LOAD CMakeFiles/CPPTest.dir/Drivers/STM32H5xx_HAL_Driver/Src/stm32h5xx_hal_rcc_ex.c.obj
LOAD CMakeFiles/CPPTest.dir/Drivers/STM32H5xx_HAL_Driver/Src/stm32h5xx_hal_flash.c.obj
LOAD CMakeFiles/CPPTest.dir/Drivers/STM32H5xx_HAL_Driver/Src/stm32h5xx_hal_flash_ex.c.obj
LOAD CMakeFiles/CPPTest.dir/Drivers/STM32H5xx_HAL_Driver/Src/stm32h5xx_hal_gpio.c.obj
LOAD CMakeFiles/CPPTest.dir/Drivers/STM32H5xx_HAL_Driver/Src/stm32h5xx_hal_dma.c.obj
LOAD CMakeFiles/CPPTest.dir/Drivers/STM32H5xx_HAL_Driver/Src/stm32h5xx_hal_dma_ex.c.obj
LOAD CMakeFiles/CPPTest.dir/Drivers/STM32H5xx_HAL_Driver/Src/stm32h5xx_hal_pwr.c.obj
LOAD CMakeFiles/CPPTest.dir/Drivers/STM32H5xx_HAL_Driver/Src/stm32h5xx_hal_pwr_ex.c.obj
LOAD CMakeFiles/CPPTest.dir/Drivers/STM32H5xx_HAL_Driver/Src/stm32h5xx_hal.c.obj
LOAD CMakeFiles/CPPTest.dir/Drivers/STM32H5xx_HAL_Driver/Src/stm32h5xx_hal_exti.c.obj
LOAD CMakeFiles/CPPTest.dir/Drivers/STM32H5xx_HAL_Driver/Src/stm32h5xx_hal_tim.c.obj
LOAD CMakeFiles/CPPTest.dir/Drivers/STM32H5xx_HAL_Driver/Src/stm32h5xx_hal_tim_ex.c.obj
LOAD CMakeFiles/CPPTest.dir/Drivers/STM32H5xx_HAL_Driver/Src/stm32h5xx_hal_usart.c.obj
LOAD CMakeFiles/CPPTest.dir/Drivers/STM32H5xx_HAL_Driver/Src/stm32h5xx_hal_usart_ex.c.obj
LOAD CMakeFiles/CPPTest.dir/Drivers/STM32H5xx_HAL_Driver/Src/stm32h5xx_hal_uart_ex.c.obj
LOAD CMakeFiles/CPPTest.dir/Drivers/STM32H5xx_HAL_Driver/Src/stm32h5xx_hal_uart.c.obj
LOAD CMakeFiles/CPPTest.dir/Core/Src/system_stm32h5xx.c.obj
LOAD CMakeFiles/CPPTest.dir/Core/Src/sysmem.c.obj
LOAD CMakeFiles/CPPTest.dir/Core/Src/syscalls.c.obj
LOAD CMakeFiles/CPPTest.dir/startup_stm32h503xx.s.obj
LOAD C:/ST/STM32CubeCLT_1.17.0/GNU-tools-for-STM32/bin/../lib/gcc/arm-none-eabi/12.3.1/../../../../arm-none-eabi/lib/thumb/v8-m.main+fp/hard\libstdc++_nano.a
LOAD C:/ST/STM32CubeCLT_1.17.0/GNU-tools-for-STM32/bin/../lib/gcc/arm-none-eabi/12.3.1/../../../../arm-none-eabi/lib/thumb/v8-m.main+fp/hard\libm.a
LOAD C:/ST/STM32CubeCLT_1.17.0/GNU-tools-for-STM32/bin/../lib/gcc/arm-none-eabi/12.3.1/../../../../arm-none-eabi/lib/thumb/v8-m.main+fp/hard\libc_nano.a
START GROUP
LOAD C:/ST/STM32CubeCLT_1.17.0/GNU-tools-for-STM32/bin/../lib/gcc/arm-none-eabi/12.3.1/thumb/v8-m.main+fp/hard\libgcc.a
LOAD C:/ST/STM32CubeCLT_1.17.0/GNU-tools-for-STM32/bin/../lib/gcc/arm-none-eabi/12.3.1/../../../../arm-none-eabi/lib/thumb/v8-m.main+fp/hard\libg_nano.a
LOAD C:/ST/STM32CubeCLT_1.17.0/GNU-tools-for-STM32/bin/../lib/gcc/arm-none-eabi/12.3.1/../../../../arm-none-eabi/lib/thumb/v8-m.main+fp/hard\libc_nano.a
END GROUP
START GROUP
LOAD C:/ST/STM32CubeCLT_1.17.0/GNU-tools-for-STM32/bin/../lib/gcc/arm-none-eabi/12.3.1/thumb/v8-m.main+fp/hard\libgcc.a
LOAD C:/ST/STM32CubeCLT_1.17.0/GNU-tools-for-STM32/bin/../lib/gcc/arm-none-eabi/12.3.1/../../../../arm-none-eabi/lib/thumb/v8-m.main+fp/hard\libc_nano.a
END GROUP
LOAD C:/ST/STM32CubeCLT_1.17.0/GNU-tools-for-STM32/bin/../lib/gcc/arm-none-eabi/12.3.1/thumb/v8-m.main+fp/hard/crtend.o
LOAD C:/ST/STM32CubeCLT_1.17.0/GNU-tools-for-STM32/bin/../lib/gcc/arm-none-eabi/12.3.1/thumb/v8-m.main+fp/hard/crtn.o
                0x20008000                        _estack = (ORIGIN (RAM) + LENGTH (RAM))
                0x00000200                        _Min_Heap_Size = 0x200
                0x00000400                        _Min_Stack_Size = 0x400

.isr_vector     0x08000000      0x258
                0x08000000                        . = ALIGN (0x4)
 *(.isr_vector)
 .isr_vector    0x08000000      0x258 CMakeFiles/CPPTest.dir/startup_stm32h503xx.s.obj
                0x08000000                g_pfnVectors
                0x08000258                        . = ALIGN (0x4)

.text           0x08000258     0x2710
                0x08000258                        . = ALIGN (0x4)
 *(.text)
 .text          0x08000258       0x40 C:/ST/STM32CubeCLT_1.17.0/GNU-tools-for-STM32/bin/../lib/gcc/arm-none-eabi/12.3.1/thumb/v8-m.main+fp/hard/crtbegin.o
 *(.text*)
 .text._ZSt3absl
                0x08000298       0x1c CMakeFiles/CPPTest.dir/Core/Src/main.cpp.obj
                0x08000298                std::abs(long)
 .text._Z6moveUpm
                0x080002b4       0xb4 CMakeFiles/CPPTest.dir/Core/Src/main.cpp.obj
                0x080002b4                moveUp(unsigned long)
 .text._Z8moveDownm
                0x08000368       0xb4 CMakeFiles/CPPTest.dir/Core/Src/main.cpp.obj
                0x08000368                moveDown(unsigned long)
 .text._Z9moveRightm
                0x0800041c       0xb4 CMakeFiles/CPPTest.dir/Core/Src/main.cpp.obj
                0x0800041c                moveRight(unsigned long)
 .text._Z8moveLeftm
                0x080004d0       0xb4 CMakeFiles/CPPTest.dir/Core/Src/main.cpp.obj
                0x080004d0                moveLeft(unsigned long)
 .text._Z6MoveToll
                0x08000584      0x15c CMakeFiles/CPPTest.dir/Core/Src/main.cpp.obj
                0x08000584                MoveTo(long, long)
 .text.main     0x080006e0       0x88 CMakeFiles/CPPTest.dir/Core/Src/main.cpp.obj
                0x080006e0                main
 .text._Z6microsv
                0x08000768       0x18 CMakeFiles/CPPTest.dir/Core/Src/main.cpp.obj
                0x08000768                micros()
 .text._Z18SystemClock_Configv
                0x08000780       0xe0 CMakeFiles/CPPTest.dir/Core/Src/main.cpp.obj
                0x08000780                SystemClock_Config()
 .text._ZL12MX_TIM2_Initv
                0x08000860       0xc0 CMakeFiles/CPPTest.dir/Core/Src/main.cpp.obj
 .text._ZL12MX_GPIO_Initv
                0x08000920       0xa4 CMakeFiles/CPPTest.dir/Core/Src/main.cpp.obj
 .text.Error_Handler
                0x080009c4        0xc CMakeFiles/CPPTest.dir/Core/Src/main.cpp.obj
                0x080009c4                Error_Handler
 .text.NMI_Handler
                0x080009d0        0x8 CMakeFiles/CPPTest.dir/Core/Src/stm32h5xx_it.c.obj
                0x080009d0                NMI_Handler
 .text.HardFault_Handler
                0x080009d8        0x8 CMakeFiles/CPPTest.dir/Core/Src/stm32h5xx_it.c.obj
                0x080009d8                HardFault_Handler
 .text.MemManage_Handler
                0x080009e0        0x8 CMakeFiles/CPPTest.dir/Core/Src/stm32h5xx_it.c.obj
                0x080009e0                MemManage_Handler
 .text.BusFault_Handler
                0x080009e8        0x8 CMakeFiles/CPPTest.dir/Core/Src/stm32h5xx_it.c.obj
                0x080009e8                BusFault_Handler
 .text.UsageFault_Handler
                0x080009f0        0x8 CMakeFiles/CPPTest.dir/Core/Src/stm32h5xx_it.c.obj
                0x080009f0                UsageFault_Handler
 .text.SVC_Handler
                0x080009f8        0xe CMakeFiles/CPPTest.dir/Core/Src/stm32h5xx_it.c.obj
                0x080009f8                SVC_Handler
 .text.DebugMon_Handler
                0x08000a06        0xe CMakeFiles/CPPTest.dir/Core/Src/stm32h5xx_it.c.obj
                0x08000a06                DebugMon_Handler
 .text.PendSV_Handler
                0x08000a14        0xe CMakeFiles/CPPTest.dir/Core/Src/stm32h5xx_it.c.obj
                0x08000a14                PendSV_Handler
 .text.SysTick_Handler
                0x08000a22        0xc CMakeFiles/CPPTest.dir/Core/Src/stm32h5xx_it.c.obj
                0x08000a22                SysTick_Handler
 .text.EXTI13_IRQHandler
                0x08000a2e        0xe CMakeFiles/CPPTest.dir/Core/Src/stm32h5xx_it.c.obj
                0x08000a2e                EXTI13_IRQHandler
 .text.HAL_MspInit
                0x08000a3c        0xe CMakeFiles/CPPTest.dir/Core/Src/stm32h5xx_hal_msp.c.obj
                0x08000a3c                HAL_MspInit
 *fill*         0x08000a4a        0x2 
 .text.HAL_TIM_Base_MspInit
                0x08000a4c       0x90 CMakeFiles/CPPTest.dir/Core/Src/stm32h5xx_hal_msp.c.obj
                0x08000a4c                HAL_TIM_Base_MspInit
 .text.BSP_PB_IRQHandler
                0x08000adc       0x2c CMakeFiles/CPPTest.dir/Drivers/BSP/STM32H5xx_Nucleo/stm32h5xx_nucleo.c.obj
                0x08000adc                BSP_PB_IRQHandler
 .text.__NVIC_SetPriorityGrouping
                0x08000b08       0x48 CMakeFiles/CPPTest.dir/Drivers/STM32H5xx_HAL_Driver/Src/stm32h5xx_hal_cortex.c.obj
 .text.__NVIC_GetPriorityGrouping
                0x08000b50       0x1c CMakeFiles/CPPTest.dir/Drivers/STM32H5xx_HAL_Driver/Src/stm32h5xx_hal_cortex.c.obj
 .text.__NVIC_SetPriority
                0x08000b6c       0x54 CMakeFiles/CPPTest.dir/Drivers/STM32H5xx_HAL_Driver/Src/stm32h5xx_hal_cortex.c.obj
 .text.NVIC_EncodePriority
                0x08000bc0       0x66 CMakeFiles/CPPTest.dir/Drivers/STM32H5xx_HAL_Driver/Src/stm32h5xx_hal_cortex.c.obj
 .text.HAL_NVIC_SetPriorityGrouping
                0x08000c26       0x16 CMakeFiles/CPPTest.dir/Drivers/STM32H5xx_HAL_Driver/Src/stm32h5xx_hal_cortex.c.obj
                0x08000c26                HAL_NVIC_SetPriorityGrouping
 .text.HAL_NVIC_SetPriority
                0x08000c3c       0x34 CMakeFiles/CPPTest.dir/Drivers/STM32H5xx_HAL_Driver/Src/stm32h5xx_hal_cortex.c.obj
                0x08000c3c                HAL_NVIC_SetPriority
 .text.HAL_SYSTICK_Config
                0x08000c70       0x44 CMakeFiles/CPPTest.dir/Drivers/STM32H5xx_HAL_Driver/Src/stm32h5xx_hal_cortex.c.obj
                0x08000c70                HAL_SYSTICK_Config
 .text.HAL_SYSTICK_CLKSourceConfig
                0x08000cb4       0xb0 CMakeFiles/CPPTest.dir/Drivers/STM32H5xx_HAL_Driver/Src/stm32h5xx_hal_cortex.c.obj
                0x08000cb4                HAL_SYSTICK_CLKSourceConfig
 .text.HAL_SYSTICK_GetCLKSourceConfig
                0x08000d64       0x6c CMakeFiles/CPPTest.dir/Drivers/STM32H5xx_HAL_Driver/Src/stm32h5xx_hal_cortex.c.obj
                0x08000d64                HAL_SYSTICK_GetCLKSourceConfig
 .text.HAL_RCC_OscConfig
                0x08000dd0      0x870 CMakeFiles/CPPTest.dir/Drivers/STM32H5xx_HAL_Driver/Src/stm32h5xx_hal_rcc.c.obj
                0x08000dd0                HAL_RCC_OscConfig
 .text.HAL_RCC_ClockConfig
                0x08001640      0x370 CMakeFiles/CPPTest.dir/Drivers/STM32H5xx_HAL_Driver/Src/stm32h5xx_hal_rcc.c.obj
                0x08001640                HAL_RCC_ClockConfig
 .text.HAL_RCC_GetSysClockFreq
                0x080019b0      0x258 CMakeFiles/CPPTest.dir/Drivers/STM32H5xx_HAL_Driver/Src/stm32h5xx_hal_rcc.c.obj
                0x080019b0                HAL_RCC_GetSysClockFreq
 .text.HAL_RCC_GetHCLKFreq
                0x08001c08       0x38 CMakeFiles/CPPTest.dir/Drivers/STM32H5xx_HAL_Driver/Src/stm32h5xx_hal_rcc.c.obj
                0x08001c08                HAL_RCC_GetHCLKFreq
 .text.HAL_GPIO_Init
                0x08001c40      0x2a4 CMakeFiles/CPPTest.dir/Drivers/STM32H5xx_HAL_Driver/Src/stm32h5xx_hal_gpio.c.obj
                0x08001c40                HAL_GPIO_Init
 .text.HAL_GPIO_WritePin
                0x08001ee4       0x30 CMakeFiles/CPPTest.dir/Drivers/STM32H5xx_HAL_Driver/Src/stm32h5xx_hal_gpio.c.obj
                0x08001ee4                HAL_GPIO_WritePin
 .text.HAL_Init
                0x08001f14       0x50 CMakeFiles/CPPTest.dir/Drivers/STM32H5xx_HAL_Driver/Src/stm32h5xx_hal.c.obj
                0x08001f14                HAL_Init
 .text.HAL_InitTick
                0x08001f64       0xec CMakeFiles/CPPTest.dir/Drivers/STM32H5xx_HAL_Driver/Src/stm32h5xx_hal.c.obj
                0x08001f64                HAL_InitTick
 .text.HAL_IncTick
                0x08002050       0x28 CMakeFiles/CPPTest.dir/Drivers/STM32H5xx_HAL_Driver/Src/stm32h5xx_hal.c.obj
                0x08002050                HAL_IncTick
 .text.HAL_GetTick
                0x08002078       0x18 CMakeFiles/CPPTest.dir/Drivers/STM32H5xx_HAL_Driver/Src/stm32h5xx_hal.c.obj
                0x08002078                HAL_GetTick
 .text.HAL_Delay
                0x08002090       0x48 CMakeFiles/CPPTest.dir/Drivers/STM32H5xx_HAL_Driver/Src/stm32h5xx_hal.c.obj
                0x08002090                HAL_Delay
 .text.HAL_EXTI_IRQHandler
                0x080020d8       0x90 CMakeFiles/CPPTest.dir/Drivers/STM32H5xx_HAL_Driver/Src/stm32h5xx_hal_exti.c.obj
                0x080020d8                HAL_EXTI_IRQHandler
 .text.HAL_TIM_Base_Init
                0x08002168       0xae CMakeFiles/CPPTest.dir/Drivers/STM32H5xx_HAL_Driver/Src/stm32h5xx_hal_tim.c.obj
                0x08002168                HAL_TIM_Base_Init
 *fill*         0x08002216        0x2 
 .text.HAL_TIM_Base_Start
                0x08002218       0x98 CMakeFiles/CPPTest.dir/Drivers/STM32H5xx_HAL_Driver/Src/stm32h5xx_hal_tim.c.obj
                0x08002218                HAL_TIM_Base_Start
 .text.HAL_TIM_ConfigClockSource
                0x080022b0      0x23c CMakeFiles/CPPTest.dir/Drivers/STM32H5xx_HAL_Driver/Src/stm32h5xx_hal_tim.c.obj
                0x080022b0                HAL_TIM_ConfigClockSource
 .text.TIM_Base_SetConfig
                0x080024ec       0xcc CMakeFiles/CPPTest.dir/Drivers/STM32H5xx_HAL_Driver/Src/stm32h5xx_hal_tim.c.obj
                0x080024ec                TIM_Base_SetConfig
 .text.TIM_TI1_ConfigInputStage
                0x080025b8       0x5e CMakeFiles/CPPTest.dir/Drivers/STM32H5xx_HAL_Driver/Src/stm32h5xx_hal_tim.c.obj
 .text.TIM_TI2_ConfigInputStage
                0x08002616       0x60 CMakeFiles/CPPTest.dir/Drivers/STM32H5xx_HAL_Driver/Src/stm32h5xx_hal_tim.c.obj
 .text.TIM_ITRx_SetConfig
                0x08002676       0x3a CMakeFiles/CPPTest.dir/Drivers/STM32H5xx_HAL_Driver/Src/stm32h5xx_hal_tim.c.obj
 .text.TIM_ETR_SetConfig
                0x080026b0       0x40 CMakeFiles/CPPTest.dir/Drivers/STM32H5xx_HAL_Driver/Src/stm32h5xx_hal_tim.c.obj
                0x080026b0                TIM_ETR_SetConfig
 .text.HAL_TIMEx_MasterConfigSynchronization
                0x080026f0       0xd0 CMakeFiles/CPPTest.dir/Drivers/STM32H5xx_HAL_Driver/Src/stm32h5xx_hal_tim_ex.c.obj
                0x080026f0                HAL_TIMEx_MasterConfigSynchronization
 .text.SystemInit
                0x080027c0       0xe4 CMakeFiles/CPPTest.dir/Core/Src/system_stm32h5xx.c.obj
                0x080027c0                SystemInit
 .text.Reset_Handler
                0x080028a4       0x50 CMakeFiles/CPPTest.dir/startup_stm32h503xx.s.obj
                0x080028a4                Reset_Handler
 .text.Default_Handler
                0x080028f4        0x2 CMakeFiles/CPPTest.dir/startup_stm32h503xx.s.obj
                0x080028f4                EXTI2_IRQHandler
                0x080028f4                EXTI5_IRQHandler
                0x080028f4                I3C1_ER_IRQHandler
                0x080028f4                GPDMA2_Channel1_IRQHandler
                0x080028f4                TIM1_CC_IRQHandler
                0x080028f4                GPDMA2_Channel3_IRQHandler
                0x080028f4                TAMP_IRQHandler
                0x080028f4                TIM6_IRQHandler
                0x080028f4                EXTI12_IRQHandler
                0x080028f4                USB_DRD_FS_IRQHandler
                0x080028f4                EXTI3_IRQHandler
                0x080028f4                GPDMA1_Channel5_IRQHandler
                0x080028f4                EXTI8_IRQHandler
                0x080028f4                GPDMA2_Channel5_IRQHandler
                0x080028f4                LPTIM2_IRQHandler
                0x080028f4                GPDMA2_Channel2_IRQHandler
                0x080028f4                EXTI0_IRQHandler
                0x080028f4                I2C2_EV_IRQHandler
                0x080028f4                FPU_IRQHandler
                0x080028f4                GPDMA1_Channel3_IRQHandler
                0x080028f4                GPDMA1_Channel7_IRQHandler
                0x080028f4                FDCAN1_IT1_IRQHandler
                0x080028f4                RAMCFG_IRQHandler
                0x080028f4                SPI1_IRQHandler
                0x080028f4                GPDMA1_Channel2_IRQHandler
                0x080028f4                ADC1_IRQHandler
                0x080028f4                I3C2_ER_IRQHandler
                0x080028f4                EXTI15_IRQHandler
                0x080028f4                USART3_IRQHandler
                0x080028f4                RTC_IRQHandler
                0x080028f4                EXTI9_IRQHandler
                0x080028f4                I3C2_EV_IRQHandler
                0x080028f4                I2C1_EV_IRQHandler
                0x080028f4                GPDMA1_Channel1_IRQHandler
                0x080028f4                TIM3_IRQHandler
                0x080028f4                RCC_IRQHandler
                0x080028f4                TIM1_TRG_COM_IRQHandler
                0x080028f4                Default_Handler
                0x080028f4                GPDMA2_Channel4_IRQHandler
                0x080028f4                TIM7_IRQHandler
                0x080028f4                GPDMA1_Channel0_IRQHandler
                0x080028f4                I3C1_EV_IRQHandler
                0x080028f4                PVD_AVD_IRQHandler
                0x080028f4                SPI2_IRQHandler
                0x080028f4                EXTI14_IRQHandler
                0x080028f4                EXTI11_IRQHandler
                0x080028f4                CRS_IRQHandler
                0x080028f4                EXTI4_IRQHandler
                0x080028f4                GPDMA2_Channel0_IRQHandler
                0x080028f4                RNG_IRQHandler
                0x080028f4                GPDMA2_Channel6_IRQHandler
                0x080028f4                TIM1_UP_IRQHandler
                0x080028f4                WWDG_IRQHandler
                0x080028f4                IWDG_IRQHandler
                0x080028f4                LPUART1_IRQHandler
                0x080028f4                FDCAN1_IT0_IRQHandler
                0x080028f4                TIM2_IRQHandler
                0x080028f4                GPDMA1_Channel4_IRQHandler
                0x080028f4                EXTI7_IRQHandler
                0x080028f4                TIM1_BRK_IRQHandler
                0x080028f4                EXTI1_IRQHandler
                0x080028f4                DAC1_IRQHandler
                0x080028f4                DTS_IRQHandler
                0x080028f4                GTZC_IRQHandler
                0x080028f4                USART2_IRQHandler
                0x080028f4                GPDMA1_Channel6_IRQHandler
                0x080028f4                GPDMA2_Channel7_IRQHandler
                0x080028f4                I2C2_ER_IRQHandler
                0x080028f4                FLASH_IRQHandler
                0x080028f4                USART1_IRQHandler
                0x080028f4                EXTI10_IRQHandler
                0x080028f4                SPI3_IRQHandler
                0x080028f4                I2C1_ER_IRQHandler
                0x080028f4                EXTI6_IRQHandler
                0x080028f4                COMP1_IRQHandler
                0x080028f4                LPTIM1_IRQHandler
                0x080028f4                ICACHE_IRQHandler
                0x080028f4                HASH_IRQHandler
 .text.memset   0x080028f6       0x10 C:/ST/STM32CubeCLT_1.17.0/GNU-tools-for-STM32/bin/../lib/gcc/arm-none-eabi/12.3.1/../../../../arm-none-eabi/lib/thumb/v8-m.main+fp/hard\libc_nano.a(libc_a-memset.o)
                0x080028f6                memset
 *fill*         0x08002906        0x2 
 .text.__libc_init_array
                0x08002908       0x48 C:/ST/STM32CubeCLT_1.17.0/GNU-tools-for-STM32/bin/../lib/gcc/arm-none-eabi/12.3.1/../../../../arm-none-eabi/lib/thumb/v8-m.main+fp/hard\libc_nano.a(libc_a-init.o)
                0x08002908                __libc_init_array
 *(.glue_7)
 .glue_7        0x08002950        0x0 linker stubs
 *(.glue_7t)
 .glue_7t       0x08002950        0x0 linker stubs
 *(.eh_frame)
 .eh_frame      0x08002950        0x0 C:/ST/STM32CubeCLT_1.17.0/GNU-tools-for-STM32/bin/../lib/gcc/arm-none-eabi/12.3.1/thumb/v8-m.main+fp/hard/crtbegin.o
 *(.init)
 .init          0x08002950        0x4 C:/ST/STM32CubeCLT_1.17.0/GNU-tools-for-STM32/bin/../lib/gcc/arm-none-eabi/12.3.1/thumb/v8-m.main+fp/hard/crti.o
                0x08002950                _init
 .init          0x08002954        0x8 C:/ST/STM32CubeCLT_1.17.0/GNU-tools-for-STM32/bin/../lib/gcc/arm-none-eabi/12.3.1/thumb/v8-m.main+fp/hard/crtn.o
 *(.fini)
 .fini          0x0800295c        0x4 C:/ST/STM32CubeCLT_1.17.0/GNU-tools-for-STM32/bin/../lib/gcc/arm-none-eabi/12.3.1/thumb/v8-m.main+fp/hard/crti.o
                0x0800295c                _fini
 .fini          0x08002960        0x8 C:/ST/STM32CubeCLT_1.17.0/GNU-tools-for-STM32/bin/../lib/gcc/arm-none-eabi/12.3.1/thumb/v8-m.main+fp/hard/crtn.o
                0x08002968                        . = ALIGN (0x4)
                0x08002968                        _etext = .

.vfp11_veneer   0x08002968        0x0
 .vfp11_veneer  0x08002968        0x0 linker stubs

.v4_bx          0x08002968        0x0
 .v4_bx         0x08002968        0x0 linker stubs

.iplt           0x08002968        0x0
 .iplt          0x08002968        0x0 C:/ST/STM32CubeCLT_1.17.0/GNU-tools-for-STM32/bin/../lib/gcc/arm-none-eabi/12.3.1/thumb/v8-m.main+fp/hard/crtbegin.o

.rodata         0x08002968       0x10
                0x08002968                        . = ALIGN (0x4)
 *(.rodata)
 *(.rodata*)
 .rodata.AHBPrescTable
                0x08002968       0x10 CMakeFiles/CPPTest.dir/Core/Src/system_stm32h5xx.c.obj
                0x08002968                AHBPrescTable
                0x08002978                        . = ALIGN (0x4)

.ARM.extab      0x08002978        0x0
                0x08002978                        . = ALIGN (0x4)
 *(.ARM.extab* .gnu.linkonce.armextab.*)
                0x08002978                        . = ALIGN (0x4)

.ARM            0x08002978        0x0
                0x08002978                        . = ALIGN (0x4)
                0x08002978                        __exidx_start = .
 *(.ARM.exidx*)
                0x08002978                        __exidx_end = .
                0x08002978                        . = ALIGN (0x4)

.preinit_array  0x08002978        0x0
                0x08002978                        . = ALIGN (0x4)
                0x08002978                        PROVIDE (__preinit_array_start = .)
 *(.preinit_array*)
                0x08002978                        PROVIDE (__preinit_array_end = .)
                0x08002978                        . = ALIGN (0x4)

.init_array     0x08002978        0x4
                0x08002978                        . = ALIGN (0x4)
                0x08002978                        PROVIDE (__init_array_start = .)
 *(SORT_BY_NAME(.init_array.*))
 *(.init_array*)
 .init_array    0x08002978        0x4 C:/ST/STM32CubeCLT_1.17.0/GNU-tools-for-STM32/bin/../lib/gcc/arm-none-eabi/12.3.1/thumb/v8-m.main+fp/hard/crtbegin.o
                0x0800297c                        PROVIDE (__init_array_end = .)
                0x0800297c                        . = ALIGN (0x4)

.fini_array     0x0800297c        0x4
                0x0800297c                        . = ALIGN (0x4)
                [!provide]                        PROVIDE (__fini_array_start = .)
 *(SORT_BY_NAME(.fini_array.*))
 *(.fini_array*)
 .fini_array    0x0800297c        0x4 C:/ST/STM32CubeCLT_1.17.0/GNU-tools-for-STM32/bin/../lib/gcc/arm-none-eabi/12.3.1/thumb/v8-m.main+fp/hard/crtbegin.o
                [!provide]                        PROVIDE (__fini_array_end = .)
                0x08002980                        . = ALIGN (0x4)
                0x08002980                        _sidata = LOADADDR (.data)

.rel.dyn        0x08002980        0x0
 .rel.iplt      0x08002980        0x0 C:/ST/STM32CubeCLT_1.17.0/GNU-tools-for-STM32/bin/../lib/gcc/arm-none-eabi/12.3.1/thumb/v8-m.main+fp/hard/crtbegin.o

.data           0x20000000        0xc load address 0x08002980
                0x20000000                        . = ALIGN (0x4)
                0x20000000                        _sdata = .
 *(.data)
 *(.data*)
 .data.uwTickPrio
                0x20000000        0x4 CMakeFiles/CPPTest.dir/Drivers/STM32H5xx_HAL_Driver/Src/stm32h5xx_hal.c.obj
                0x20000000                uwTickPrio
 .data.uwTickFreq
                0x20000004        0x1 CMakeFiles/CPPTest.dir/Drivers/STM32H5xx_HAL_Driver/Src/stm32h5xx_hal.c.obj
                0x20000004                uwTickFreq
 *fill*         0x20000005        0x3 
 .data.SystemCoreClock
                0x20000008        0x4 CMakeFiles/CPPTest.dir/Core/Src/system_stm32h5xx.c.obj
                0x20000008                SystemCoreClock
 *(.RamFunc)
 *(.RamFunc*)
                0x2000000c                        . = ALIGN (0x4)
                0x2000000c                        _edata = .

.igot.plt       0x2000000c        0x0 load address 0x0800298c
 .igot.plt      0x2000000c        0x0 C:/ST/STM32CubeCLT_1.17.0/GNU-tools-for-STM32/bin/../lib/gcc/arm-none-eabi/12.3.1/thumb/v8-m.main+fp/hard/crtbegin.o
                0x2000000c                        . = ALIGN (0x4)

.bss            0x2000000c       0x80 load address 0x0800298c
                0x2000000c                        _sbss = .
                0x2000000c                        __bss_start__ = _sbss
 *(.bss)
 .bss           0x2000000c       0x1c C:/ST/STM32CubeCLT_1.17.0/GNU-tools-for-STM32/bin/../lib/gcc/arm-none-eabi/12.3.1/thumb/v8-m.main+fp/hard/crtbegin.o
 *(.bss*)
 .bss.htim2     0x20000028       0x4c CMakeFiles/CPPTest.dir/Core/Src/main.cpp.obj
                0x20000028                htim2
 .bss.currentX  0x20000074        0x4 CMakeFiles/CPPTest.dir/Core/Src/main.cpp.obj
                0x20000074                currentX
 .bss.currentY  0x20000078        0x4 CMakeFiles/CPPTest.dir/Core/Src/main.cpp.obj
                0x20000078                currentY
 .bss.hpb_exti  0x2000007c        0xc CMakeFiles/CPPTest.dir/Drivers/BSP/STM32H5xx_Nucleo/stm32h5xx_nucleo.c.obj
                0x2000007c                hpb_exti
 .bss.uwTick    0x20000088        0x4 CMakeFiles/CPPTest.dir/Drivers/STM32H5xx_HAL_Driver/Src/stm32h5xx_hal.c.obj
                0x20000088                uwTick
 *(COMMON)
                0x2000008c                        . = ALIGN (0x4)
                0x2000008c                        _ebss = .
                0x2000008c                        __bss_end__ = _ebss

._user_heap_stack
                0x2000008c      0x604 load address 0x0800298c
                0x20000090                        . = ALIGN (0x8)
 *fill*         0x2000008c        0x4 
                [!provide]                        PROVIDE (end = .)
                0x20000090                        PROVIDE (_end = .)
                0x20000290                        . = (. + _Min_Heap_Size)
 *fill*         0x20000090      0x200 
                0x20000690                        . = (. + _Min_Stack_Size)
 *fill*         0x20000290      0x400 
                0x20000690                        . = ALIGN (0x8)

/DISCARD/
 libc.a(*)
 libm.a(*)
 libgcc.a(*)

.ARM.attributes
                0x00000000       0x36
 *(.ARM.attributes)
 .ARM.attributes
                0x00000000       0x26 C:/ST/STM32CubeCLT_1.17.0/GNU-tools-for-STM32/bin/../lib/gcc/arm-none-eabi/12.3.1/thumb/v8-m.main+fp/hard/crti.o
 .ARM.attributes
                0x00000026       0x38 C:/ST/STM32CubeCLT_1.17.0/GNU-tools-for-STM32/bin/../lib/gcc/arm-none-eabi/12.3.1/thumb/v8-m.main+fp/hard/crtbegin.o
 .ARM.attributes
                0x0000005e       0x3a CMakeFiles/CPPTest.dir/Core/Src/main.cpp.obj
 .ARM.attributes
                0x00000098       0x3a CMakeFiles/CPPTest.dir/Core/Src/stm32h5xx_it.c.obj
 .ARM.attributes
                0x000000d2       0x3a CMakeFiles/CPPTest.dir/Core/Src/stm32h5xx_hal_msp.c.obj
 .ARM.attributes
                0x0000010c       0x3a CMakeFiles/CPPTest.dir/Drivers/BSP/STM32H5xx_Nucleo/stm32h5xx_nucleo.c.obj
 .ARM.attributes
                0x00000146       0x3a CMakeFiles/CPPTest.dir/Drivers/STM32H5xx_HAL_Driver/Src/stm32h5xx_hal_cortex.c.obj
 .ARM.attributes
                0x00000180       0x3a CMakeFiles/CPPTest.dir/Drivers/STM32H5xx_HAL_Driver/Src/stm32h5xx_hal_rcc.c.obj
 .ARM.attributes
                0x000001ba       0x3a CMakeFiles/CPPTest.dir/Drivers/STM32H5xx_HAL_Driver/Src/stm32h5xx_hal_gpio.c.obj
 .ARM.attributes
                0x000001f4       0x3a CMakeFiles/CPPTest.dir/Drivers/STM32H5xx_HAL_Driver/Src/stm32h5xx_hal.c.obj
 .ARM.attributes
                0x0000022e       0x3a CMakeFiles/CPPTest.dir/Drivers/STM32H5xx_HAL_Driver/Src/stm32h5xx_hal_exti.c.obj
 .ARM.attributes
                0x00000268       0x3a CMakeFiles/CPPTest.dir/Drivers/STM32H5xx_HAL_Driver/Src/stm32h5xx_hal_tim.c.obj
 .ARM.attributes
                0x000002a2       0x3a CMakeFiles/CPPTest.dir/Drivers/STM32H5xx_HAL_Driver/Src/stm32h5xx_hal_tim_ex.c.obj
 .ARM.attributes
                0x000002dc       0x3a CMakeFiles/CPPTest.dir/Core/Src/system_stm32h5xx.c.obj
 .ARM.attributes
                0x00000316       0x24 CMakeFiles/CPPTest.dir/startup_stm32h503xx.s.obj
 .ARM.attributes
                0x0000033a       0x38 C:/ST/STM32CubeCLT_1.17.0/GNU-tools-for-STM32/bin/../lib/gcc/arm-none-eabi/12.3.1/../../../../arm-none-eabi/lib/thumb/v8-m.main+fp/hard\libc_nano.a(libc_a-memset.o)
 .ARM.attributes
                0x00000372       0x38 C:/ST/STM32CubeCLT_1.17.0/GNU-tools-for-STM32/bin/../lib/gcc/arm-none-eabi/12.3.1/../../../../arm-none-eabi/lib/thumb/v8-m.main+fp/hard\libc_nano.a(libc_a-init.o)
 .ARM.attributes
                0x000003aa       0x26 C:/ST/STM32CubeCLT_1.17.0/GNU-tools-for-STM32/bin/../lib/gcc/arm-none-eabi/12.3.1/thumb/v8-m.main+fp/hard/crtn.o
OUTPUT(CPPTest.elf elf32-littlearm)
LOAD linker stubs
LOAD C:/ST/STM32CubeCLT_1.17.0/GNU-tools-for-STM32/bin/../lib/gcc/arm-none-eabi/12.3.1/../../../../arm-none-eabi/lib/thumb/v8-m.main+fp/hard\libc.a
LOAD C:/ST/STM32CubeCLT_1.17.0/GNU-tools-for-STM32/bin/../lib/gcc/arm-none-eabi/12.3.1/../../../../arm-none-eabi/lib/thumb/v8-m.main+fp/hard\libm.a
LOAD C:/ST/STM32CubeCLT_1.17.0/GNU-tools-for-STM32/bin/../lib/gcc/arm-none-eabi/12.3.1/thumb/v8-m.main+fp/hard\libgcc.a

.debug_info     0x00000000     0xf7ca
 .debug_info    0x00000000     0x30e0 CMakeFiles/CPPTest.dir/Core/Src/main.cpp.obj
 .debug_info    0x000030e0      0x170 CMakeFiles/CPPTest.dir/Core/Src/stm32h5xx_it.c.obj
 .debug_info    0x00003250      0xe6a CMakeFiles/CPPTest.dir/Core/Src/stm32h5xx_hal_msp.c.obj
 .debug_info    0x000040ba     0x1a05 CMakeFiles/CPPTest.dir/Drivers/BSP/STM32H5xx_Nucleo/stm32h5xx_nucleo.c.obj
 .debug_info    0x00005abf     0x1522 CMakeFiles/CPPTest.dir/Drivers/STM32H5xx_HAL_Driver/Src/stm32h5xx_hal_cortex.c.obj
 .debug_info    0x00006fe1      0xfdf CMakeFiles/CPPTest.dir/Drivers/STM32H5xx_HAL_Driver/Src/stm32h5xx_hal_rcc.c.obj
 .debug_info    0x00007fc0      0x6aa CMakeFiles/CPPTest.dir/Drivers/STM32H5xx_HAL_Driver/Src/stm32h5xx_hal_gpio.c.obj
 .debug_info    0x0000866a     0x1069 CMakeFiles/CPPTest.dir/Drivers/STM32H5xx_HAL_Driver/Src/stm32h5xx_hal.c.obj
 .debug_info    0x000096d3      0x7be CMakeFiles/CPPTest.dir/Drivers/STM32H5xx_HAL_Driver/Src/stm32h5xx_hal_exti.c.obj
 .debug_info    0x00009e91     0x2e54 CMakeFiles/CPPTest.dir/Drivers/STM32H5xx_HAL_Driver/Src/stm32h5xx_hal_tim.c.obj
 .debug_info    0x0000cce5     0x1eaa CMakeFiles/CPPTest.dir/Drivers/STM32H5xx_HAL_Driver/Src/stm32h5xx_hal_tim_ex.c.obj
 .debug_info    0x0000eb8f      0xc0b CMakeFiles/CPPTest.dir/Core/Src/system_stm32h5xx.c.obj
 .debug_info    0x0000f79a       0x30 CMakeFiles/CPPTest.dir/startup_stm32h503xx.s.obj

.debug_abbrev   0x00000000     0x1cab
 .debug_abbrev  0x00000000      0x42b CMakeFiles/CPPTest.dir/Core/Src/main.cpp.obj
 .debug_abbrev  0x0000042b       0xbc CMakeFiles/CPPTest.dir/Core/Src/stm32h5xx_it.c.obj
 .debug_abbrev  0x000004e7      0x1f4 CMakeFiles/CPPTest.dir/Core/Src/stm32h5xx_hal_msp.c.obj
 .debug_abbrev  0x000006db      0x330 CMakeFiles/CPPTest.dir/Drivers/BSP/STM32H5xx_Nucleo/stm32h5xx_nucleo.c.obj
 .debug_abbrev  0x00000a0b      0x311 CMakeFiles/CPPTest.dir/Drivers/STM32H5xx_HAL_Driver/Src/stm32h5xx_hal_cortex.c.obj
 .debug_abbrev  0x00000d1c      0x28e CMakeFiles/CPPTest.dir/Drivers/STM32H5xx_HAL_Driver/Src/stm32h5xx_hal_rcc.c.obj
 .debug_abbrev  0x00000faa      0x1db CMakeFiles/CPPTest.dir/Drivers/STM32H5xx_HAL_Driver/Src/stm32h5xx_hal_gpio.c.obj
 .debug_abbrev  0x00001185      0x2ac CMakeFiles/CPPTest.dir/Drivers/STM32H5xx_HAL_Driver/Src/stm32h5xx_hal.c.obj
 .debug_abbrev  0x00001431      0x198 CMakeFiles/CPPTest.dir/Drivers/STM32H5xx_HAL_Driver/Src/stm32h5xx_hal_exti.c.obj
 .debug_abbrev  0x000015c9      0x2bd CMakeFiles/CPPTest.dir/Drivers/STM32H5xx_HAL_Driver/Src/stm32h5xx_hal_tim.c.obj
 .debug_abbrev  0x00001886      0x2c7 CMakeFiles/CPPTest.dir/Drivers/STM32H5xx_HAL_Driver/Src/stm32h5xx_hal_tim_ex.c.obj
 .debug_abbrev  0x00001b4d      0x13a CMakeFiles/CPPTest.dir/Core/Src/system_stm32h5xx.c.obj
 .debug_abbrev  0x00001c87       0x24 CMakeFiles/CPPTest.dir/startup_stm32h503xx.s.obj

.debug_aranges  0x00000000      0xcc8
 .debug_aranges
                0x00000000       0x88 CMakeFiles/CPPTest.dir/Core/Src/main.cpp.obj
 .debug_aranges
                0x00000088       0x68 CMakeFiles/CPPTest.dir/Core/Src/stm32h5xx_it.c.obj
 .debug_aranges
                0x000000f0       0x30 CMakeFiles/CPPTest.dir/Core/Src/stm32h5xx_hal_msp.c.obj
 .debug_aranges
                0x00000120       0xc8 CMakeFiles/CPPTest.dir/Drivers/BSP/STM32H5xx_Nucleo/stm32h5xx_nucleo.c.obj
 .debug_aranges
                0x000001e8      0x140 CMakeFiles/CPPTest.dir/Drivers/STM32H5xx_HAL_Driver/Src/stm32h5xx_hal_cortex.c.obj
 .debug_aranges
                0x00000328       0xa0 CMakeFiles/CPPTest.dir/Drivers/STM32H5xx_HAL_Driver/Src/stm32h5xx_hal_rcc.c.obj
 .debug_aranges
                0x000003c8       0x78 CMakeFiles/CPPTest.dir/Drivers/STM32H5xx_HAL_Driver/Src/stm32h5xx_hal_gpio.c.obj
 .debug_aranges
                0x00000440      0x1a0 CMakeFiles/CPPTest.dir/Drivers/STM32H5xx_HAL_Driver/Src/stm32h5xx_hal.c.obj
 .debug_aranges
                0x000005e0       0x70 CMakeFiles/CPPTest.dir/Drivers/STM32H5xx_HAL_Driver/Src/stm32h5xx_hal_exti.c.obj
 .debug_aranges
                0x00000650      0x3e8 CMakeFiles/CPPTest.dir/Drivers/STM32H5xx_HAL_Driver/Src/stm32h5xx_hal_tim.c.obj
 .debug_aranges
                0x00000a38      0x240 CMakeFiles/CPPTest.dir/Drivers/STM32H5xx_HAL_Driver/Src/stm32h5xx_hal_tim_ex.c.obj
 .debug_aranges
                0x00000c78       0x28 CMakeFiles/CPPTest.dir/Core/Src/system_stm32h5xx.c.obj
 .debug_aranges
                0x00000ca0       0x28 CMakeFiles/CPPTest.dir/startup_stm32h503xx.s.obj

.debug_rnglists
                0x00000000      0x9d7
 .debug_rnglists
                0x00000000       0x6a CMakeFiles/CPPTest.dir/Core/Src/main.cpp.obj
 .debug_rnglists
                0x0000006a       0x49 CMakeFiles/CPPTest.dir/Core/Src/stm32h5xx_it.c.obj
 .debug_rnglists
                0x000000b3       0x20 CMakeFiles/CPPTest.dir/Core/Src/stm32h5xx_hal_msp.c.obj
 .debug_rnglists
                0x000000d3       0x94 CMakeFiles/CPPTest.dir/Drivers/BSP/STM32H5xx_Nucleo/stm32h5xx_nucleo.c.obj
 .debug_rnglists
                0x00000167       0xec CMakeFiles/CPPTest.dir/Drivers/STM32H5xx_HAL_Driver/Src/stm32h5xx_hal_cortex.c.obj
 .debug_rnglists
                0x00000253       0x79 CMakeFiles/CPPTest.dir/Drivers/STM32H5xx_HAL_Driver/Src/stm32h5xx_hal_rcc.c.obj
 .debug_rnglists
                0x000002cc       0x57 CMakeFiles/CPPTest.dir/Drivers/STM32H5xx_HAL_Driver/Src/stm32h5xx_hal_gpio.c.obj
 .debug_rnglists
                0x00000323      0x134 CMakeFiles/CPPTest.dir/Drivers/STM32H5xx_HAL_Driver/Src/stm32h5xx_hal.c.obj
 .debug_rnglists
                0x00000457       0x53 CMakeFiles/CPPTest.dir/Drivers/STM32H5xx_HAL_Driver/Src/stm32h5xx_hal_exti.c.obj
 .debug_rnglists
                0x000004aa      0x32e CMakeFiles/CPPTest.dir/Drivers/STM32H5xx_HAL_Driver/Src/stm32h5xx_hal_tim.c.obj
 .debug_rnglists
                0x000007d8      0x1cb CMakeFiles/CPPTest.dir/Drivers/STM32H5xx_HAL_Driver/Src/stm32h5xx_hal_tim_ex.c.obj
 .debug_rnglists
                0x000009a3       0x1b CMakeFiles/CPPTest.dir/Core/Src/system_stm32h5xx.c.obj
 .debug_rnglists
                0x000009be       0x19 CMakeFiles/CPPTest.dir/startup_stm32h503xx.s.obj

.debug_macro    0x00000000    0x23dd3
 .debug_macro   0x00000000      0x4a7 CMakeFiles/CPPTest.dir/Core/Src/main.cpp.obj
 .debug_macro   0x000004a7      0xbfe CMakeFiles/CPPTest.dir/Core/Src/main.cpp.obj
 .debug_macro   0x000010a5      0x1d0 CMakeFiles/CPPTest.dir/Core/Src/main.cpp.obj
 .debug_macro   0x00001275      0x1d6 CMakeFiles/CPPTest.dir/Core/Src/main.cpp.obj
 .debug_macro   0x0000144b       0x10 CMakeFiles/CPPTest.dir/Core/Src/main.cpp.obj
 .debug_macro   0x0000145b       0xc1 CMakeFiles/CPPTest.dir/Core/Src/main.cpp.obj
 .debug_macro   0x0000151c      0x103 CMakeFiles/CPPTest.dir/Core/Src/main.cpp.obj
 .debug_macro   0x0000161f      0x37d CMakeFiles/CPPTest.dir/Core/Src/main.cpp.obj
 .debug_macro   0x0000199c       0x18 CMakeFiles/CPPTest.dir/Core/Src/main.cpp.obj
 .debug_macro   0x000019b4       0x22 CMakeFiles/CPPTest.dir/Core/Src/main.cpp.obj
 .debug_macro   0x000019d6       0x6e CMakeFiles/CPPTest.dir/Core/Src/main.cpp.obj
 .debug_macro   0x00001a44       0x2a CMakeFiles/CPPTest.dir/Core/Src/main.cpp.obj
 .debug_macro   0x00001a6e       0x94 CMakeFiles/CPPTest.dir/Core/Src/main.cpp.obj
 .debug_macro   0x00001b02       0x3c CMakeFiles/CPPTest.dir/Core/Src/main.cpp.obj
 .debug_macro   0x00001b3e       0x34 CMakeFiles/CPPTest.dir/Core/Src/main.cpp.obj
 .debug_macro   0x00001b72      0x190 CMakeFiles/CPPTest.dir/Core/Src/main.cpp.obj
 .debug_macro   0x00001d02       0x16 CMakeFiles/CPPTest.dir/Core/Src/main.cpp.obj
 .debug_macro   0x00001d18       0x43 CMakeFiles/CPPTest.dir/Core/Src/main.cpp.obj
 .debug_macro   0x00001d5b       0x57 CMakeFiles/CPPTest.dir/Core/Src/main.cpp.obj
 .debug_macro   0x00001db2       0x34 CMakeFiles/CPPTest.dir/Core/Src/main.cpp.obj
 .debug_macro   0x00001de6       0x10 CMakeFiles/CPPTest.dir/Core/Src/main.cpp.obj
 .debug_macro   0x00001df6       0x58 CMakeFiles/CPPTest.dir/Core/Src/main.cpp.obj
 .debug_macro   0x00001e4e      0x1de CMakeFiles/CPPTest.dir/Core/Src/main.cpp.obj
 .debug_macro   0x0000202c      0x38c CMakeFiles/CPPTest.dir/Core/Src/main.cpp.obj
 .debug_macro   0x000023b8      0x194 CMakeFiles/CPPTest.dir/Core/Src/main.cpp.obj
 .debug_macro   0x0000254c       0x10 CMakeFiles/CPPTest.dir/Core/Src/main.cpp.obj
 .debug_macro   0x0000255c       0x16 CMakeFiles/CPPTest.dir/Core/Src/main.cpp.obj
 .debug_macro   0x00002572       0x35 CMakeFiles/CPPTest.dir/Core/Src/main.cpp.obj
 .debug_macro   0x000025a7       0x16 CMakeFiles/CPPTest.dir/Core/Src/main.cpp.obj
 .debug_macro   0x000025bd       0x29 CMakeFiles/CPPTest.dir/Core/Src/main.cpp.obj
 .debug_macro   0x000025e6       0x10 CMakeFiles/CPPTest.dir/Core/Src/main.cpp.obj
 .debug_macro   0x000025f6      0x3ce CMakeFiles/CPPTest.dir/Core/Src/main.cpp.obj
 .debug_macro   0x000029c4       0x16 CMakeFiles/CPPTest.dir/Core/Src/main.cpp.obj
 .debug_macro   0x000029da       0x1c CMakeFiles/CPPTest.dir/Core/Src/main.cpp.obj
 .debug_macro   0x000029f6       0x4f CMakeFiles/CPPTest.dir/Core/Src/main.cpp.obj
 .debug_macro   0x00002a45       0x6a CMakeFiles/CPPTest.dir/Core/Src/main.cpp.obj
 .debug_macro   0x00002aaf       0x26 CMakeFiles/CPPTest.dir/Core/Src/main.cpp.obj
 .debug_macro   0x00002ad5       0x18 CMakeFiles/CPPTest.dir/Core/Src/main.cpp.obj
 .debug_macro   0x00002aed       0x19 CMakeFiles/CPPTest.dir/Core/Src/main.cpp.obj
 .debug_macro   0x00002b06       0x28 CMakeFiles/CPPTest.dir/Core/Src/main.cpp.obj
 .debug_macro   0x00002b2e       0x2e CMakeFiles/CPPTest.dir/Core/Src/main.cpp.obj
 .debug_macro   0x00002b5c       0x1f CMakeFiles/CPPTest.dir/Core/Src/main.cpp.obj
 .debug_macro   0x00002b7b       0x88 CMakeFiles/CPPTest.dir/Core/Src/main.cpp.obj
 .debug_macro   0x00002c03       0x19 CMakeFiles/CPPTest.dir/Core/Src/main.cpp.obj
 .debug_macro   0x00002c1c      0x120 CMakeFiles/CPPTest.dir/Core/Src/main.cpp.obj
 .debug_macro   0x00002d3c       0x11 CMakeFiles/CPPTest.dir/Core/Src/main.cpp.obj
 .debug_macro   0x00002d4d       0x17 CMakeFiles/CPPTest.dir/Core/Src/main.cpp.obj
 .debug_macro   0x00002d64       0x17 CMakeFiles/CPPTest.dir/Core/Src/main.cpp.obj
 .debug_macro   0x00002d7b       0x17 CMakeFiles/CPPTest.dir/Core/Src/main.cpp.obj
 .debug_macro   0x00002d92       0x17 CMakeFiles/CPPTest.dir/Core/Src/main.cpp.obj
 .debug_macro   0x00002da9       0x17 CMakeFiles/CPPTest.dir/Core/Src/main.cpp.obj
 .debug_macro   0x00002dc0       0x17 CMakeFiles/CPPTest.dir/Core/Src/main.cpp.obj
 .debug_macro   0x00002dd7       0x28 CMakeFiles/CPPTest.dir/Core/Src/main.cpp.obj
 .debug_macro   0x00002dff       0x42 CMakeFiles/CPPTest.dir/Core/Src/main.cpp.obj
 .debug_macro   0x00002e41       0x1c CMakeFiles/CPPTest.dir/Core/Src/main.cpp.obj
 .debug_macro   0x00002e5d      0x103 CMakeFiles/CPPTest.dir/Core/Src/main.cpp.obj
 .debug_macro   0x00002f60       0x6a CMakeFiles/CPPTest.dir/Core/Src/main.cpp.obj
 .debug_macro   0x00002fca      0x1df CMakeFiles/CPPTest.dir/Core/Src/main.cpp.obj
 .debug_macro   0x000031a9       0x1c CMakeFiles/CPPTest.dir/Core/Src/main.cpp.obj
 .debug_macro   0x000031c5       0x29 CMakeFiles/CPPTest.dir/Core/Src/main.cpp.obj
 .debug_macro   0x000031ee       0xfb CMakeFiles/CPPTest.dir/Core/Src/main.cpp.obj
 .debug_macro   0x000032e9     0x1685 CMakeFiles/CPPTest.dir/Core/Src/main.cpp.obj
 .debug_macro   0x0000496e       0x5e CMakeFiles/CPPTest.dir/Core/Src/main.cpp.obj
 .debug_macro   0x000049cc    0x11feb CMakeFiles/CPPTest.dir/Core/Src/main.cpp.obj
 .debug_macro   0x000169b7       0x6d CMakeFiles/CPPTest.dir/Core/Src/main.cpp.obj
 .debug_macro   0x00016a24     0x3891 CMakeFiles/CPPTest.dir/Core/Src/main.cpp.obj
 .debug_macro   0x0001a2b5       0x63 CMakeFiles/CPPTest.dir/Core/Src/main.cpp.obj
 .debug_macro   0x0001a318     0x146a CMakeFiles/CPPTest.dir/Core/Src/main.cpp.obj
 .debug_macro   0x0001b782      0x75e CMakeFiles/CPPTest.dir/Core/Src/main.cpp.obj
 .debug_macro   0x0001bee0      0x166 CMakeFiles/CPPTest.dir/Core/Src/main.cpp.obj
 .debug_macro   0x0001c046      0x1a7 CMakeFiles/CPPTest.dir/Core/Src/main.cpp.obj
 .debug_macro   0x0001c1ed       0x6e CMakeFiles/CPPTest.dir/Core/Src/main.cpp.obj
 .debug_macro   0x0001c25b      0x527 CMakeFiles/CPPTest.dir/Core/Src/main.cpp.obj
 .debug_macro   0x0001c782      0x40f CMakeFiles/CPPTest.dir/Core/Src/main.cpp.obj
 .debug_macro   0x0001cb91       0xd6 CMakeFiles/CPPTest.dir/Core/Src/main.cpp.obj
 .debug_macro   0x0001cc67      0x1ce CMakeFiles/CPPTest.dir/Core/Src/main.cpp.obj
 .debug_macro   0x0001ce35      0x1c3 CMakeFiles/CPPTest.dir/Core/Src/main.cpp.obj
 .debug_macro   0x0001cff8      0x4e8 CMakeFiles/CPPTest.dir/Core/Src/main.cpp.obj
 .debug_macro   0x0001d4e0       0x58 CMakeFiles/CPPTest.dir/Core/Src/main.cpp.obj
 .debug_macro   0x0001d538      0x272 CMakeFiles/CPPTest.dir/Core/Src/main.cpp.obj
 .debug_macro   0x0001d7aa      0x1a6 CMakeFiles/CPPTest.dir/Core/Src/main.cpp.obj
 .debug_macro   0x0001d950      0xbe8 CMakeFiles/CPPTest.dir/Core/Src/main.cpp.obj
 .debug_macro   0x0001e538      0x2bd CMakeFiles/CPPTest.dir/Core/Src/main.cpp.obj
 .debug_macro   0x0001e7f5      0x693 CMakeFiles/CPPTest.dir/Core/Src/main.cpp.obj
 .debug_macro   0x0001ee88       0xa6 CMakeFiles/CPPTest.dir/Core/Src/main.cpp.obj
 .debug_macro   0x0001ef2e      0x20a CMakeFiles/CPPTest.dir/Core/Src/main.cpp.obj
 .debug_macro   0x0001f138      0x31f CMakeFiles/CPPTest.dir/Core/Src/main.cpp.obj
 .debug_macro   0x0001f457       0x22 CMakeFiles/CPPTest.dir/Core/Src/main.cpp.obj
 .debug_macro   0x0001f479       0x52 CMakeFiles/CPPTest.dir/Core/Src/main.cpp.obj
 .debug_macro   0x0001f4cb       0x1c CMakeFiles/CPPTest.dir/Core/Src/main.cpp.obj
 .debug_macro   0x0001f4e7       0x10 CMakeFiles/CPPTest.dir/Core/Src/main.cpp.obj
 .debug_macro   0x0001f4f7       0x1c CMakeFiles/CPPTest.dir/Core/Src/main.cpp.obj
 .debug_macro   0x0001f513       0x16 CMakeFiles/CPPTest.dir/Core/Src/main.cpp.obj
 .debug_macro   0x0001f529      0x138 CMakeFiles/CPPTest.dir/Core/Src/main.cpp.obj
 .debug_macro   0x0001f661       0xf2 CMakeFiles/CPPTest.dir/Core/Src/main.cpp.obj
 .debug_macro   0x0001f753      0x2d1 CMakeFiles/CPPTest.dir/Core/Src/stm32h5xx_it.c.obj
 .debug_macro   0x0001fa24      0xac0 CMakeFiles/CPPTest.dir/Core/Src/stm32h5xx_it.c.obj
 .debug_macro   0x000204e4       0x34 CMakeFiles/CPPTest.dir/Core/Src/stm32h5xx_it.c.obj
 .debug_macro   0x00020518      0x189 CMakeFiles/CPPTest.dir/Core/Src/stm32h5xx_it.c.obj
 .debug_macro   0x000206a1       0x43 CMakeFiles/CPPTest.dir/Core/Src/stm32h5xx_it.c.obj
 .debug_macro   0x000206e4      0x369 CMakeFiles/CPPTest.dir/Core/Src/stm32h5xx_it.c.obj
 .debug_macro   0x00020a4d      0x19b CMakeFiles/CPPTest.dir/Core/Src/stm32h5xx_it.c.obj
 .debug_macro   0x00020be8     0x1685 CMakeFiles/CPPTest.dir/Core/Src/stm32h5xx_it.c.obj
 .debug_macro   0x0002226d       0x35 CMakeFiles/CPPTest.dir/Core/Src/stm32h5xx_it.c.obj
 .debug_macro   0x000222a2      0x170 CMakeFiles/CPPTest.dir/Core/Src/stm32h5xx_it.c.obj
 .debug_macro   0x00022412      0x2c7 CMakeFiles/CPPTest.dir/Core/Src/stm32h5xx_hal_msp.c.obj
 .debug_macro   0x000226d9      0x2c9 CMakeFiles/CPPTest.dir/Drivers/BSP/STM32H5xx_Nucleo/stm32h5xx_nucleo.c.obj
 .debug_macro   0x000229a2       0x1c CMakeFiles/CPPTest.dir/Drivers/BSP/STM32H5xx_Nucleo/stm32h5xx_nucleo.c.obj
 .debug_macro   0x000229be      0x268 CMakeFiles/CPPTest.dir/Drivers/STM32H5xx_HAL_Driver/Src/stm32h5xx_hal_cortex.c.obj
 .debug_macro   0x00022c26      0x2aa CMakeFiles/CPPTest.dir/Drivers/STM32H5xx_HAL_Driver/Src/stm32h5xx_hal_rcc.c.obj
 .debug_macro   0x00022ed0      0x29e CMakeFiles/CPPTest.dir/Drivers/STM32H5xx_HAL_Driver/Src/stm32h5xx_hal_gpio.c.obj
 .debug_macro   0x0002316e      0x298 CMakeFiles/CPPTest.dir/Drivers/STM32H5xx_HAL_Driver/Src/stm32h5xx_hal.c.obj
 .debug_macro   0x00023406      0x280 CMakeFiles/CPPTest.dir/Drivers/STM32H5xx_HAL_Driver/Src/stm32h5xx_hal_exti.c.obj
 .debug_macro   0x00023686      0x270 CMakeFiles/CPPTest.dir/Drivers/STM32H5xx_HAL_Driver/Src/stm32h5xx_hal_tim.c.obj
 .debug_macro   0x000238f6      0x26e CMakeFiles/CPPTest.dir/Drivers/STM32H5xx_HAL_Driver/Src/stm32h5xx_hal_tim_ex.c.obj
 .debug_macro   0x00023b64      0x26f CMakeFiles/CPPTest.dir/Core/Src/system_stm32h5xx.c.obj

.debug_line     0x00000000     0xdb2b
 .debug_line    0x00000000     0x13a6 CMakeFiles/CPPTest.dir/Core/Src/main.cpp.obj
 .debug_line    0x000013a6      0x943 CMakeFiles/CPPTest.dir/Core/Src/stm32h5xx_it.c.obj
 .debug_line    0x00001ce9      0x8b2 CMakeFiles/CPPTest.dir/Core/Src/stm32h5xx_hal_msp.c.obj
 .debug_line    0x0000259b      0xb86 CMakeFiles/CPPTest.dir/Drivers/BSP/STM32H5xx_Nucleo/stm32h5xx_nucleo.c.obj
 .debug_line    0x00003121      0xe0b CMakeFiles/CPPTest.dir/Drivers/STM32H5xx_HAL_Driver/Src/stm32h5xx_hal_cortex.c.obj
 .debug_line    0x00003f2c     0x11f6 CMakeFiles/CPPTest.dir/Drivers/STM32H5xx_HAL_Driver/Src/stm32h5xx_hal_rcc.c.obj
 .debug_line    0x00005122      0xb97 CMakeFiles/CPPTest.dir/Drivers/STM32H5xx_HAL_Driver/Src/stm32h5xx_hal_gpio.c.obj
 .debug_line    0x00005cb9      0xd5c CMakeFiles/CPPTest.dir/Drivers/STM32H5xx_HAL_Driver/Src/stm32h5xx_hal.c.obj
 .debug_line    0x00006a15      0xbe2 CMakeFiles/CPPTest.dir/Drivers/STM32H5xx_HAL_Driver/Src/stm32h5xx_hal_exti.c.obj
 .debug_line    0x000075f7     0x3c37 CMakeFiles/CPPTest.dir/Drivers/STM32H5xx_HAL_Driver/Src/stm32h5xx_hal_tim.c.obj
 .debug_line    0x0000b22e     0x1f7a CMakeFiles/CPPTest.dir/Drivers/STM32H5xx_HAL_Driver/Src/stm32h5xx_hal_tim_ex.c.obj
 .debug_line    0x0000d1a8      0x90c CMakeFiles/CPPTest.dir/Core/Src/system_stm32h5xx.c.obj
 .debug_line    0x0000dab4       0x77 CMakeFiles/CPPTest.dir/startup_stm32h503xx.s.obj

.debug_str      0x00000000    0xd46d5
 .debug_str     0x00000000    0xd06c8 CMakeFiles/CPPTest.dir/Core/Src/main.cpp.obj
                              0xd0e8a (size before relaxing)
 .debug_str     0x000d06c8      0x506 CMakeFiles/CPPTest.dir/Core/Src/stm32h5xx_it.c.obj
                              0xc95f0 (size before relaxing)
 .debug_str     0x000d0bce       0xa3 CMakeFiles/CPPTest.dir/Core/Src/stm32h5xx_hal_msp.c.obj
                              0xc9ef8 (size before relaxing)
 .debug_str     0x000d0c71      0xae9 CMakeFiles/CPPTest.dir/Drivers/BSP/STM32H5xx_Nucleo/stm32h5xx_nucleo.c.obj
                              0xca8a7 (size before relaxing)
 .debug_str     0x000d175a      0x554 CMakeFiles/CPPTest.dir/Drivers/STM32H5xx_HAL_Driver/Src/stm32h5xx_hal_cortex.c.obj
                              0xc94b0 (size before relaxing)
 .debug_str     0x000d1cae      0x458 CMakeFiles/CPPTest.dir/Drivers/STM32H5xx_HAL_Driver/Src/stm32h5xx_hal_rcc.c.obj
                              0xc9113 (size before relaxing)
 .debug_str     0x000d2106      0x2b7 CMakeFiles/CPPTest.dir/Drivers/STM32H5xx_HAL_Driver/Src/stm32h5xx_hal_gpio.c.obj
                              0xc8ab1 (size before relaxing)
 .debug_str     0x000d23bd      0x74e CMakeFiles/CPPTest.dir/Drivers/STM32H5xx_HAL_Driver/Src/stm32h5xx_hal.c.obj
                              0xc9746 (size before relaxing)
 .debug_str     0x000d2b0b      0x20d CMakeFiles/CPPTest.dir/Drivers/STM32H5xx_HAL_Driver/Src/stm32h5xx_hal_exti.c.obj
                              0xc8a7e (size before relaxing)
 .debug_str     0x000d2d18      0xfab CMakeFiles/CPPTest.dir/Drivers/STM32H5xx_HAL_Driver/Src/stm32h5xx_hal_tim.c.obj
                              0xc9eff (size before relaxing)
 .debug_str     0x000d3cc3      0x930 CMakeFiles/CPPTest.dir/Drivers/STM32H5xx_HAL_Driver/Src/stm32h5xx_hal_tim_ex.c.obj
                              0xc9b29 (size before relaxing)
 .debug_str     0x000d45f3       0x86 CMakeFiles/CPPTest.dir/Core/Src/system_stm32h5xx.c.obj
                              0xc8bd3 (size before relaxing)
 .debug_str     0x000d4679       0x5c CMakeFiles/CPPTest.dir/startup_stm32h503xx.s.obj
                                 0x92 (size before relaxing)

.comment        0x00000000       0x43
 .comment       0x00000000       0x43 CMakeFiles/CPPTest.dir/Core/Src/main.cpp.obj
                                 0x44 (size before relaxing)
 .comment       0x00000043       0x44 CMakeFiles/CPPTest.dir/Core/Src/stm32h5xx_it.c.obj
 .comment       0x00000043       0x44 CMakeFiles/CPPTest.dir/Core/Src/stm32h5xx_hal_msp.c.obj
 .comment       0x00000043       0x44 CMakeFiles/CPPTest.dir/Drivers/BSP/STM32H5xx_Nucleo/stm32h5xx_nucleo.c.obj
 .comment       0x00000043       0x44 CMakeFiles/CPPTest.dir/Drivers/STM32H5xx_HAL_Driver/Src/stm32h5xx_hal_cortex.c.obj
 .comment       0x00000043       0x44 CMakeFiles/CPPTest.dir/Drivers/STM32H5xx_HAL_Driver/Src/stm32h5xx_hal_rcc.c.obj
 .comment       0x00000043       0x44 CMakeFiles/CPPTest.dir/Drivers/STM32H5xx_HAL_Driver/Src/stm32h5xx_hal_gpio.c.obj
 .comment       0x00000043       0x44 CMakeFiles/CPPTest.dir/Drivers/STM32H5xx_HAL_Driver/Src/stm32h5xx_hal.c.obj
 .comment       0x00000043       0x44 CMakeFiles/CPPTest.dir/Drivers/STM32H5xx_HAL_Driver/Src/stm32h5xx_hal_exti.c.obj
 .comment       0x00000043       0x44 CMakeFiles/CPPTest.dir/Drivers/STM32H5xx_HAL_Driver/Src/stm32h5xx_hal_tim.c.obj
 .comment       0x00000043       0x44 CMakeFiles/CPPTest.dir/Drivers/STM32H5xx_HAL_Driver/Src/stm32h5xx_hal_tim_ex.c.obj
 .comment       0x00000043       0x44 CMakeFiles/CPPTest.dir/Core/Src/system_stm32h5xx.c.obj

.debug_frame    0x00000000     0x35e4
 .debug_frame   0x00000000      0x1f0 CMakeFiles/CPPTest.dir/Core/Src/main.cpp.obj
 .debug_frame   0x000001f0      0x120 CMakeFiles/CPPTest.dir/Core/Src/stm32h5xx_it.c.obj
 .debug_frame   0x00000310       0x78 CMakeFiles/CPPTest.dir/Core/Src/stm32h5xx_hal_msp.c.obj
 .debug_frame   0x00000388      0x31c CMakeFiles/CPPTest.dir/Drivers/BSP/STM32H5xx_Nucleo/stm32h5xx_nucleo.c.obj
 .debug_frame   0x000006a4      0x560 CMakeFiles/CPPTest.dir/Drivers/STM32H5xx_HAL_Driver/Src/stm32h5xx_hal_cortex.c.obj
 .debug_frame   0x00000c04      0x264 CMakeFiles/CPPTest.dir/Drivers/STM32H5xx_HAL_Driver/Src/stm32h5xx_hal_rcc.c.obj
 .debug_frame   0x00000e68      0x1ec CMakeFiles/CPPTest.dir/Drivers/STM32H5xx_HAL_Driver/Src/stm32h5xx_hal_gpio.c.obj
 .debug_frame   0x00001054      0x66c CMakeFiles/CPPTest.dir/Drivers/STM32H5xx_HAL_Driver/Src/stm32h5xx_hal.c.obj
 .debug_frame   0x000016c0      0x1c4 CMakeFiles/CPPTest.dir/Drivers/STM32H5xx_HAL_Driver/Src/stm32h5xx_hal_exti.c.obj
 .debug_frame   0x00001884     0x124c CMakeFiles/CPPTest.dir/Drivers/STM32H5xx_HAL_Driver/Src/stm32h5xx_hal_tim.c.obj
 .debug_frame   0x00002ad0      0xa68 CMakeFiles/CPPTest.dir/Drivers/STM32H5xx_HAL_Driver/Src/stm32h5xx_hal_tim_ex.c.obj
 .debug_frame   0x00003538       0x60 CMakeFiles/CPPTest.dir/Core/Src/system_stm32h5xx.c.obj
 .debug_frame   0x00003598       0x20 C:/ST/STM32CubeCLT_1.17.0/GNU-tools-for-STM32/bin/../lib/gcc/arm-none-eabi/12.3.1/../../../../arm-none-eabi/lib/thumb/v8-m.main+fp/hard\libc_nano.a(libc_a-memset.o)
 .debug_frame   0x000035b8       0x2c C:/ST/STM32CubeCLT_1.17.0/GNU-tools-for-STM32/bin/../lib/gcc/arm-none-eabi/12.3.1/../../../../arm-none-eabi/lib/thumb/v8-m.main+fp/hard\libc_nano.a(libc_a-init.o)

.debug_line_str
                0x00000000       0x76
 .debug_line_str
                0x00000000       0x76 CMakeFiles/CPPTest.dir/startup_stm32h503xx.s.obj
