02:06:28 **** Incremental Build of configuration Release for project PCB2 ****
make -j12 all 
arm-none-eabi-g++ "../Core/Src/Modules/LED.cpp" -mcpu=cortex-m33 -std=gnu++14 -DUSE_NUCLEO_64 -DUSE_HAL_DRIVER -DSTM32H503xx -c -I../Core/Inc -I../Drivers/STM32H5xx_HAL_Driver/Inc -I../Drivers/STM32H5xx_HAL_Driver/Inc/Legacy -I../Drivers/BSP/STM32H5xx_Nucleo -I../Drivers/CMSIS/Device/ST/STM32H5xx/Include -I../Drivers/CMSIS/Include -Os -ffunction-sections -fdata-sections -fno-exceptions -fno-rtti -fno-use-cxa-atexit -Wall -fstack-usage -fcyclomatic-complexity -MMD -MP -MF"Core/Src/Modules/LED.d" -MT"Core/Src/Modules/LED.o" --specs=nano.specs -mfpu=fpv5-sp-d16 -mfloat-abi=hard -mthumb -o "Core/Src/Modules/LED.o"
arm-none-eabi-g++ "../Core/Src/main.cpp" -mcpu=cortex-m33 -std=gnu++14 -DUSE_NUCLEO_64 -DUSE_HAL_DRIVER -DSTM32H503xx -c -I../Core/Inc -I../Drivers/STM32H5xx_HAL_Driver/Inc -I../Drivers/STM32H5xx_HAL_Driver/Inc/Legacy -I../Drivers/BSP/STM32H5xx_Nucleo -I../Drivers/CMSIS/Device/ST/STM32H5xx/Include -I../Drivers/CMSIS/Include -Os -ffunction-sections -fdata-sections -fno-exceptions -fno-rtti -fno-use-cxa-atexit -Wall -fstack-usage -fcyclomatic-complexity -MMD -MP -MF"Core/Src/main.d" -MT"Core/Src/main.o" --specs=nano.specs -mfpu=fpv5-sp-d16 -mfloat-abi=hard -mthumb -o "Core/Src/main.o"
arm-none-eabi-g++ -o "PCB2.elf" @"objects.list"   -mcpu=cortex-m33 -T"C:\Users\argon\GitHub\EE4OI6\PCBRobotCube\PCB2\STM32H503RBTX_FLASH.ld" --specs=nosys.specs -Wl,-Map="PCB2.map" -Wl,--gc-sections -static --specs=nano.specs -mfpu=fpv5-sp-d16 -mfloat-abi=hard -mthumb -Wl,--start-group -lc -lm -lstdc++ -lsupc++ -Wl,--end-group
Finished building target: PCB2.elf
 
arm-none-eabi-size  PCB2.elf 
arm-none-eabi-objdump -h -S PCB2.elf  > "PCB2.list"
   text	   data	    bss	    dec	    hex	filename
   9424	     16	   1752	  11192	   2bb8	PCB2.elf
Finished building: default.size.stdout
 
Finished building: PCB2.list
 

02:06:28 Build Finished. 0 errors, 0 warnings. (took 812ms)

